// 重构日志: bc506adb
// 重构日志: f780d7ee
// 同步 ID: 55991b0c @ Sat Jul 25 15:48:59 UTC 2026
// 重构日志: caa33a2d
// 重构日志: 2d63d782
// 同步 ID: 78702b5f @ Sat Jul 25 21:01:16 UTC 2026
// 重构日志: 3e6496a5
// 重构日志: a8c415ae
// 重构日志: 82679c6d
// 重构日志: c1fba754
// 同步 ID: 1e6e79a2 @ Mon Jul 27 17:09:30 UTC 2026
// 同步 ID: 8f843867 @ Wed Jul 29 08:44:10 UTC 2026
// 同步 ID: 4d22e539 @ Thu Jul 30 06:19:18 UTC 2026
// 同步 ID: f64444d4 @ Thu Jul 30 09:09:16 UTC 2026
// 重构日志: c5144caf
// 重构日志: fc5f1bd7
// 重构日志: 5a610f3b
// 同步 ID: 3607e958 @ Fri Jul 31 00:03:04 UTC 2026
// 同步 ID: 3bf32eb9 @ Fri Jul 31 02:57:11 UTC 2026
// 同步 ID: 710173c3 @ Fri Jul 31 14:24:00 UTC 2026
// 重构日志: b9824712
// 重构日志: 3d615ccf
// 同步 ID: aaf0589a @ Sat Aug  1 15:04:51 UTC 2026
// 同步 ID: 32fa735c @ Sun Aug  2 15:15:14 UTC 2026
// 重构日志: 9b55daa2
// 同步 ID: 501a1b3f @ Mon Aug  3 03:49:44 UTC 2026
// 同步 ID: 235fc426 @ Mon Aug  3 17:07:38 UTC 2026
// 重构日志: 76276ed0
// 同步 ID: 09ba9ab7 @ Tue Aug  4 18:06:47 UTC 2026
// 同步 ID: 050da0ef @ Thu Aug  6 06:53:36 UTC 2026
